zenskills\data\gui\images\skill_background_tree.png
zenskills\data\gui\images\skill_crafting.png
zenskills\data\gui\images\skill_gathering.png
zenskills\data\gui\images\skill_hunting.png
zenskills\data\gui\images\skill_survival.png
zenskills\data\gui\images\icons\icon_items_01_256x256_gs.png
zenskills\data\gui\images\icons\icon_items_01_2_256x256_gs.png
zenskills\data\gui\images\icons\icon_items_02_256x256_gs.png
zenskills\data\gui\images\icons\icon_items_03_256x256_gs.png
zenskills\data\gui\images\icons\icon_items_04_256x256_gs.png
zenskills\data\gui\images\icons\icon_items_04_2_256x256_gs.png
zenskills\data\gui\images\icons\icon_items_04_3_256x256_gs.png
zenskills\data\gui\images\icons\icon_items_05_256x256_gs.png
zenskills\data\gui\images\icons\icon_items_06_256x256_gs.png
zenskills\data\gui\images\icons\icon_items_07_256x256_gs.png
zenskills\data\gui\images\icons\icon_power_01_256x256_gs.png
zenskills\data\gui\images\icons\icon_power_02_256x256_gs.png
zenskills\data\gui\images\icons\icon_power_03_256x256_gs.png
zenskills\data\gui\images\icons\icon_resource_01_256x256_gs.png
zenskills\data\gui\images\icons\icon_resource_02_256x256_gs.png
zenskills\data\gui\images\icons\icon_resource_03_256x256_gs.png
zenskills\data\gui\images\icons\icon_resource_04_256x256_gs.png
zenskills\data\gui\images\icons\icon_resource_05_256x256_gs.png
zenskills\data\gui\images\icons\icon_resource_06_256x256_gs.png
zenskills\data\gui\images\icons\icon_resource_07_256x256_gs.png
zenskills\data\gui\images\icons\icon_resource_08_256x256_gs.png
zenskills\data\gui\images\icons\icon_resource_09_256x256_gs.png
zenskills\data\gui\images\icons\icon_resource_10_256x256_gs.png
zenskills\data\gui\images\icons\icon_resource_11_256x256_gs.png
zenskills\data\gui\images\icons\icon_resource_12_256x256_gs.png
zenskills\data\gui\images\icons\icon_resource_13_256x256_gs.png
zenskills\data\gui\images\icons\icon_resource_14_256x256_gs.png
zenskills\data\gui\images\icons\icon_resource_15_256x256_gs.png
zenskills\data\gui\images\icons\icon_skill_01_256x256_gs.png
zenskills\data\gui\images\icons\icon_skill_02_256x256_gs.png
zenskills\data\gui\images\icons\icon_skill_03_256x256_gs.png
zenskills\data\gui\images\icons\icon_skill_04_256x256_gs.png
zenskills\data\gui\images\icons\icon_skill_05_256x256_gs.png
zenskills\data\gui\images\icons\icon_skill_06_256x256_gs.png
zenskills\data\gui\images\icons\icon_skill_07_256x256_gs.png
zenskills\data\gui\images\icons\icon_skill_08_256x256_gs.png
zenskills\data\gui\images\icons\icon_skill_09_256x256_gs.png
zenskills\data\gui\images\icons\icon_skill_09_2_256x256_gs.png
zenskills\data\gui\images\icons\icon_skill_10_256x256_gs.png
zenskills\data\gui\images\icons\icon_skill_10_wolf_256x256_gs.png
zenskills\data\gui\images\icons\icon_skill_11_256x256_gs.png
zenskills\data\gui\images\icons\icon_skill_12_256x256_gs.png
zenskills\data\gui\images\icons\icon_trap_01_256x256_gs.png
zenskills\data\gui\images\icons\icon_trap_02_256x256_gs.png
zenskills\data\gui\images\icons\icon_trap_03_256x256_gs.png
zenskills\data\gui\images\icons\icon_trap_04_256x256_gs.png
zenskills\data\gui\images\crafting\1_1_0.png
zenskills\data\gui\images\crafting\1_1_1.png
zenskills\data\gui\images\crafting\1_1_2.png
zenskills\data\gui\images\crafting\1_1_3.png
zenskills\data\gui\images\crafting\1_2_0.png
zenskills\data\gui\images\crafting\1_2_1.png
zenskills\data\gui\images\crafting\1_2_2.png
zenskills\data\gui\images\crafting\1_2_3.png
zenskills\data\gui\images\crafting\1_3_0.png
zenskills\data\gui\images\crafting\1_3_1.png
zenskills\data\gui\images\crafting\1_3_2.png
zenskills\data\gui\images\crafting\1_3_3.png
zenskills\data\gui\images\crafting\2_1_0.png
zenskills\data\gui\images\crafting\2_1_1.png
zenskills\data\gui\images\crafting\2_1_2.png
zenskills\data\gui\images\crafting\2_1_3.png
zenskills\data\gui\images\crafting\2_2_0.png
zenskills\data\gui\images\crafting\2_2_1.png
zenskills\data\gui\images\crafting\2_2_2.png
zenskills\data\gui\images\crafting\2_2_3.png
zenskills\data\gui\images\crafting\3_1_0.png
zenskills\data\gui\images\crafting\3_1_1.png
zenskills\data\gui\images\crafting\3_1_2.png
zenskills\data\gui\images\crafting\3_1_3.png
zenskills\data\gui\images\crafting\3_2_0.png
zenskills\data\gui\images\crafting\3_2_1.png
zenskills\data\gui\images\crafting\3_2_2.png
zenskills\data\gui\images\crafting\3_2_3.png
zenskills\data\gui\images\crafting\3_3_0.png
zenskills\data\gui\images\crafting\3_3_1.png
zenskills\data\gui\images\crafting\3_3_2.png
zenskills\data\gui\images\crafting\3_3_3.png
zenskills\data\gui\images\crafting\4_1_0.png
zenskills\data\gui\images\crafting\4_1_1.png
zenskills\data\gui\images\crafting\4_1_2.png
zenskills\data\gui\images\crafting\4_1_3.png
zenskills\data\gui\images\crafting\4_2_0.png
zenskills\data\gui\images\crafting\4_2_1.png
zenskills\data\gui\images\crafting\4_2_2.png
zenskills\data\gui\images\crafting\4_2_3.png
zenskills\data\gui\images\gathering\1_1_0.png
zenskills\data\gui\images\gathering\1_1_1.png
zenskills\data\gui\images\gathering\1_1_2.png
zenskills\data\gui\images\gathering\1_1_3.png
zenskills\data\gui\images\gathering\1_2_0.png
zenskills\data\gui\images\gathering\1_2_1.png
zenskills\data\gui\images\gathering\1_2_2.png
zenskills\data\gui\images\gathering\1_2_3.png
zenskills\data\gui\images\gathering\1_3_0.png
zenskills\data\gui\images\gathering\1_3_1.png
zenskills\data\gui\images\gathering\1_3_2.png
zenskills\data\gui\images\gathering\1_3_3.png
zenskills\data\gui\images\gathering\2_1_0.png
zenskills\data\gui\images\gathering\2_1_1.png
zenskills\data\gui\images\gathering\2_1_2.png
zenskills\data\gui\images\gathering\2_1_3.png
zenskills\data\gui\images\gathering\2_2_0.png
zenskills\data\gui\images\gathering\2_2_1.png
zenskills\data\gui\images\gathering\2_2_2.png
zenskills\data\gui\images\gathering\2_2_3.png
zenskills\data\gui\images\gathering\3_1_0.png
zenskills\data\gui\images\gathering\3_1_1.png
zenskills\data\gui\images\gathering\3_1_2.png
zenskills\data\gui\images\gathering\3_1_3.png
zenskills\data\gui\images\gathering\3_2_0.png
zenskills\data\gui\images\gathering\3_2_1.png
zenskills\data\gui\images\gathering\3_2_2.png
zenskills\data\gui\images\gathering\3_2_3.png
zenskills\data\gui\images\gathering\3_3_0.png
zenskills\data\gui\images\gathering\3_3_1.png
zenskills\data\gui\images\gathering\3_3_2.png
zenskills\data\gui\images\gathering\3_3_3.png
zenskills\data\gui\images\gathering\4_1_0.png
zenskills\data\gui\images\gathering\4_1_1.png
zenskills\data\gui\images\gathering\4_1_2.png
zenskills\data\gui\images\gathering\4_1_3.png
zenskills\data\gui\images\gathering\4_2_0.png
zenskills\data\gui\images\gathering\4_2_1.png
zenskills\data\gui\images\gathering\4_2_2.png
zenskills\data\gui\images\gathering\4_2_3.png
zenskills\data\gui\images\hunting\1_1_0.png
zenskills\data\gui\images\hunting\1_1_1.png
zenskills\data\gui\images\hunting\1_1_2.png
zenskills\data\gui\images\hunting\1_1_3.png
zenskills\data\gui\images\hunting\1_2_0.png
zenskills\data\gui\images\hunting\1_2_1.png
zenskills\data\gui\images\hunting\1_2_2.png
zenskills\data\gui\images\hunting\1_2_3.png
zenskills\data\gui\images\hunting\1_3_0.png
zenskills\data\gui\images\hunting\1_3_1.png
zenskills\data\gui\images\hunting\1_3_2.png
zenskills\data\gui\images\hunting\1_3_3.png
zenskills\data\gui\images\hunting\2_1_0.png
zenskills\data\gui\images\hunting\2_1_1.png
zenskills\data\gui\images\hunting\2_1_2.png
zenskills\data\gui\images\hunting\2_1_3.png
zenskills\data\gui\images\hunting\2_2_0.png
zenskills\data\gui\images\hunting\2_2_1.png
zenskills\data\gui\images\hunting\2_2_2.png
zenskills\data\gui\images\hunting\2_2_3.png
zenskills\data\gui\images\hunting\3_1_0.png
zenskills\data\gui\images\hunting\3_1_1.png
zenskills\data\gui\images\hunting\3_1_2.png
zenskills\data\gui\images\hunting\3_1_3.png
zenskills\data\gui\images\hunting\3_2_0.png
zenskills\data\gui\images\hunting\3_2_1.png
zenskills\data\gui\images\hunting\3_2_2.png
zenskills\data\gui\images\hunting\3_2_3.png
zenskills\data\gui\images\hunting\3_3_0.png
zenskills\data\gui\images\hunting\3_3_1.png
zenskills\data\gui\images\hunting\3_3_2.png
zenskills\data\gui\images\hunting\3_3_3.png
zenskills\data\gui\images\hunting\4_1_0.png
zenskills\data\gui\images\hunting\4_1_1.png
zenskills\data\gui\images\hunting\4_1_2.png
zenskills\data\gui\images\hunting\4_1_3.png
zenskills\data\gui\images\hunting\4_2_0.png
zenskills\data\gui\images\hunting\4_2_1.png
zenskills\data\gui\images\hunting\4_2_2.png
zenskills\data\gui\images\hunting\4_2_3.png
zenskills\data\gui\images\survival\1_1_0.png
zenskills\data\gui\images\survival\1_1_1.png
zenskills\data\gui\images\survival\1_1_2.png
zenskills\data\gui\images\survival\1_1_3.png
zenskills\data\gui\images\survival\1_2_0.png
zenskills\data\gui\images\survival\1_2_1.png
zenskills\data\gui\images\survival\1_2_2.png
zenskills\data\gui\images\survival\1_2_3.png
zenskills\data\gui\images\survival\1_3_0.png
zenskills\data\gui\images\survival\1_3_1.png
zenskills\data\gui\images\survival\1_3_2.png
zenskills\data\gui\images\survival\1_3_3.png
zenskills\data\gui\images\survival\2_1_0.png
zenskills\data\gui\images\survival\2_1_1.png
zenskills\data\gui\images\survival\2_1_2.png
zenskills\data\gui\images\survival\2_1_3.png
zenskills\data\gui\images\survival\2_2_0.png
zenskills\data\gui\images\survival\2_2_1.png
zenskills\data\gui\images\survival\2_2_2.png
zenskills\data\gui\images\survival\2_2_3.png
zenskills\data\gui\images\survival\3_1_0.png
zenskills\data\gui\images\survival\3_1_1.png
zenskills\data\gui\images\survival\3_1_2.png
zenskills\data\gui\images\survival\3_1_3.png
zenskills\data\gui\images\survival\3_2_0.png
zenskills\data\gui\images\survival\3_2_1.png
zenskills\data\gui\images\survival\3_2_2.png
zenskills\data\gui\images\survival\3_2_3.png
zenskills\data\gui\images\survival\3_3_0.png
zenskills\data\gui\images\survival\3_3_1.png
zenskills\data\gui\images\survival\3_3_2.png
zenskills\data\gui\images\survival\3_3_3.png
zenskills\data\gui\images\survival\4_1_0.png
zenskills\data\gui\images\survival\4_1_1.png
zenskills\data\gui\images\survival\4_1_2.png
zenskills\data\gui\images\survival\4_1_3.png
zenskills\data\gui\images\survival\4_2_0.png
zenskills\data\gui\images\survival\4_2_1.png
zenskills\data\gui\images\survival\4_2_2.png
zenskills\data\gui\images\survival\4_2_3.png
zenskills\data\gui\images\highscores.png
zenskills\data\textures\books\crafting.png
zenskills\data\textures\books\gathering.png
zenskills\data\textures\books\hunting.png
zenskills\data\textures\books\survival.png
zenskills\data\textures\books\template.png
